≡ƒöæ API Key loaded: Γ£à YES
≡ƒôº EMAIL_FROM: Kicks Don't Stink <onboarding@resend.dev>

≡ƒôñ Sending test OTP email to: iamgauravyaduvanshi@gmail.com...
Γ£à SUCCESS! Email ID: 886797b5-600a-4deb-846f-b091a3c5dde5

Γ£à Resend is working correctly!
   ΓÜá∩╕Å  NOTE: With onboarding@resend.dev sender, Resend FREE plan only
   allows sending to the email you signed up with.
   To send to ANY email, you need a verified domain in Resend.
